[    6105ms] [INFO] [Bun] Hot-module-reloading socket connected, waiting for changes... @ http://localhost:3000/_bun/client/index-000000005971f864.js:20
[    6107ms] [ERROR] Failed to load resource: the server responded with a status of 404 (Not Found) @ http://localhost:3000/favicon.ico:0
[    9757ms] [WARNING] [Bun] Hot-module-reloading socket disconnected, reconnecting... @ http://localhost:3000/_bun/client/index-000000005971f864.js:20
[   10758ms] [ERROR] WebSocket connection to 'ws://localhost:3000/_bun/hmr' failed: Error in connection establishment: net::ERR_CONNECTION_REFUSED @ http://localhost:3000/_bun/client/index-000000005971f864.js:20
[   13260ms] [ERROR] WebSocket connection to 'ws://localhost:3000/_bun/hmr' failed: Error in connection establishment: net::ERR_CONNECTION_REFUSED @ http://localhost:3000/_bun/client/index-000000005971f864.js:20
[   15762ms] [ERROR] WebSocket connection to 'ws://localhost:3000/_bun/hmr' failed: Error in connection establishment: net::ERR_CONNECTION_REFUSED @ http://localhost:3000/_bun/client/index-000000005971f864.js:20
[   18263ms] [ERROR] WebSocket connection to 'ws://localhost:3000/_bun/hmr' failed: Error in connection establishment: net::ERR_CONNECTION_REFUSED @ http://localhost:3000/_bun/client/index-000000005971f864.js:20
[   20764ms] [ERROR] WebSocket connection to 'ws://localhost:3000/_bun/hmr' failed: Error in connection establishment: net::ERR_CONNECTION_REFUSED @ http://localhost:3000/_bun/client/index-000000005971f864.js:20
[   23265ms] [ERROR] WebSocket connection to 'ws://localhost:3000/_bun/hmr' failed: Error in connection establishment: net::ERR_CONNECTION_REFUSED @ http://localhost:3000/_bun/client/index-000000005971f864.js:20
[   25774ms] [ERROR] WebSocket connection to 'ws://localhost:3000/_bun/hmr' failed: Error in connection establishment: net::ERR_CONNECTION_REFUSED @ http://localhost:3000/_bun/client/index-000000005971f864.js:20
[   28276ms] [ERROR] WebSocket connection to 'ws://localhost:3000/_bun/hmr' failed: Error in connection establishment: net::ERR_CONNECTION_REFUSED @ http://localhost:3000/_bun/client/index-000000005971f864.js:20
[   30777ms] [ERROR] WebSocket connection to 'ws://localhost:3000/_bun/hmr' failed: Error in connection establishment: net::ERR_CONNECTION_REFUSED @ http://localhost:3000/_bun/client/index-000000005971f864.js:20
[   33279ms] [ERROR] WebSocket connection to 'ws://localhost:3000/_bun/hmr' failed: Error in connection establishment: net::ERR_CONNECTION_REFUSED @ http://localhost:3000/_bun/client/index-000000005971f864.js:20
[   35781ms] [ERROR] WebSocket connection to 'ws://localhost:3000/_bun/hmr' failed: Error in connection establishment: net::ERR_CONNECTION_REFUSED @ http://localhost:3000/_bun/client/index-000000005971f864.js:20
[   38292ms] [ERROR] WebSocket connection to 'ws://localhost:3000/_bun/hmr' failed: Error in connection establishment: net::ERR_CONNECTION_REFUSED @ http://localhost:3000/_bun/client/index-000000005971f864.js:20
[   40807ms] [ERROR] WebSocket connection to 'ws://localhost:3000/_bun/hmr' failed: Error in connection establishment: net::ERR_CONNECTION_REFUSED @ http://localhost:3000/_bun/client/index-000000005971f864.js:20
[   43325ms] [ERROR] WebSocket connection to 'ws://localhost:3000/_bun/hmr' failed: Error in connection establishment: net::ERR_CONNECTION_REFUSED @ http://localhost:3000/_bun/client/index-000000005971f864.js:20
[   45841ms] [ERROR] WebSocket connection to 'ws://localhost:3000/_bun/hmr' failed: Error in connection establishment: net::ERR_CONNECTION_REFUSED @ http://localhost:3000/_bun/client/index-000000005971f864.js:20
[   48356ms] [ERROR] WebSocket connection to 'ws://localhost:3000/_bun/hmr' failed: Error in connection establishment: net::ERR_CONNECTION_REFUSED @ http://localhost:3000/_bun/client/index-000000005971f864.js:20
[   50873ms] [ERROR] WebSocket connection to 'ws://localhost:3000/_bun/hmr' failed: Error in connection establishment: net::ERR_CONNECTION_REFUSED @ http://localhost:3000/_bun/client/index-000000005971f864.js:20
[   53393ms] [ERROR] WebSocket connection to 'ws://localhost:3000/_bun/hmr' failed: Error in connection establishment: net::ERR_CONNECTION_REFUSED @ http://localhost:3000/_bun/client/index-000000005971f864.js:20
[   55926ms] [ERROR] WebSocket connection to 'ws://localhost:3000/_bun/hmr' failed: Error in connection establishment: net::ERR_CONNECTION_REFUSED @ http://localhost:3000/_bun/client/index-000000005971f864.js:20
[   58473ms] [ERROR] WebSocket connection to 'ws://localhost:3000/_bun/hmr' failed: Error in connection establishment: net::ERR_CONNECTION_REFUSED @ http://localhost:3000/_bun/client/index-000000005971f864.js:20
[   61058ms] [ERROR] WebSocket connection to 'ws://localhost:3000/_bun/hmr' failed: Error in connection establishment: net::ERR_CONNECTION_REFUSED @ http://localhost:3000/_bun/client/index-000000005971f864.js:20
[   63675ms] [ERROR] WebSocket connection to 'ws://localhost:3000/_bun/hmr' failed: Error in connection establishment: net::ERR_CONNECTION_REFUSED @ http://localhost:3000/_bun/client/index-000000005971f864.js:20
[   66457ms] [ERROR] WebSocket connection to 'ws://localhost:3000/_bun/hmr' failed: Error in connection establishment: net::ERR_CONNECTION_REFUSED @ http://localhost:3000/_bun/client/index-000000005971f864.js:20
[   69191ms] [ERROR] WebSocket connection to 'ws://localhost:3000/_bun/hmr' failed: Error in connection establishment: net::ERR_CONNECTION_REFUSED @ http://localhost:3000/_bun/client/index-000000005971f864.js:20
[   71976ms] [ERROR] WebSocket connection to 'ws://localhost:3000/_bun/hmr' failed: Error in connection establishment: net::ERR_CONNECTION_REFUSED @ http://localhost:3000/_bun/client/index-000000005971f864.js:20
[   75063ms] [ERROR] WebSocket connection to 'ws://localhost:3000/_bun/hmr' failed: Error in connection establishment: net::ERR_CONNECTION_REFUSED @ http://localhost:3000/_bun/client/index-000000005971f864.js:20
[   78281ms] [ERROR] WebSocket connection to 'ws://localhost:3000/_bun/hmr' failed: Error in connection establishment: net::ERR_CONNECTION_REFUSED @ http://localhost:3000/_bun/client/index-000000005971f864.js:20
[   81759ms] [ERROR] WebSocket connection to 'ws://localhost:3000/_bun/hmr' failed: Error in connection establishment: net::ERR_CONNECTION_REFUSED @ http://localhost:3000/_bun/client/index-000000005971f864.js:20
[   86661ms] [ERROR] WebSocket connection to 'ws://localhost:3000/_bun/hmr' failed: Error in connection establishment: net::ERR_CONNECTION_REFUSED @ http://localhost:3000/_bun/client/index-000000005971f864.js:20
[   89997ms] [ERROR] WebSocket connection to 'ws://localhost:3000/_bun/hmr' failed: Error in connection establishment: net::ERR_CONNECTION_REFUSED @ http://localhost:3000/_bun/client/index-000000005971f864.js:20
[   96613ms] [ERROR] WebSocket connection to 'ws://localhost:3000/_bun/hmr' failed: Error in connection establishment: net::ERR_CONNECTION_REFUSED @ http://localhost:3000/_bun/client/index-000000005971f864.js:20
[  101096ms] [ERROR] WebSocket connection to 'ws://localhost:3000/_bun/hmr' failed: Error in connection establishment: net::ERR_CONNECTION_REFUSED @ http://localhost:3000/_bun/client/index-000000005971f864.js:20
[  107834ms] [ERROR] WebSocket connection to 'ws://localhost:3000/_bun/hmr' failed: Error in connection establishment: net::ERR_CONNECTION_REFUSED @ http://localhost:3000/_bun/client/index-000000005971f864.js:20
[  114597ms] [ERROR] WebSocket connection to 'ws://localhost:3000/_bun/hmr' failed: Error in connection establishment: net::ERR_CONNECTION_REFUSED @ http://localhost:3000/_bun/client/index-000000005971f864.js:20
[  119691ms] [ERROR] WebSocket connection to 'ws://localhost:3000/_bun/hmr' failed: Error in connection establishment: net::ERR_CONNECTION_REFUSED @ http://localhost:3000/_bun/client/index-000000005971f864.js:20
[  123325ms] [ERROR] WebSocket connection to 'ws://localhost:3000/_bun/hmr' failed: Error in connection establishment: net::ERR_CONNECTION_REFUSED @ http://localhost:3000/_bun/client/index-000000005971f864.js:20
[  127590ms] [ERROR] WebSocket connection to 'ws://localhost:3000/_bun/hmr' failed: Error in connection establishment: net::ERR_CONNECTION_REFUSED @ http://localhost:3000/_bun/client/index-000000005971f864.js:20
[  131807ms] [ERROR] WebSocket connection to 'ws://localhost:3000/_bun/hmr' failed: Error in connection establishment: net::ERR_CONNECTION_REFUSED @ http://localhost:3000/_bun/client/index-000000005971f864.js:20
[  137073ms] [ERROR] WebSocket connection to 'ws://localhost:3000/_bun/hmr' failed: Error in connection establishment: net::ERR_CONNECTION_REFUSED @ http://localhost:3000/_bun/client/index-000000005971f864.js:20
[  141540ms] [ERROR] WebSocket connection to 'ws://localhost:3000/_bun/hmr' failed: Error in connection establishment: net::ERR_CONNECTION_REFUSED @ http://localhost:3000/_bun/client/index-000000005971f864.js:20
[  146291ms] [ERROR] WebSocket connection to 'ws://localhost:3000/_bun/hmr' failed: Error in connection establishment: net::ERR_CONNECTION_REFUSED @ http://localhost:3000/_bun/client/index-000000005971f864.js:20
[  153574ms] [ERROR] WebSocket connection to 'ws://localhost:3000/_bun/hmr' failed: Error in connection establishment: net::ERR_CONNECTION_REFUSED @ http://localhost:3000/_bun/client/index-000000005971f864.js:20
[  157080ms] [ERROR] WebSocket connection to 'ws://localhost:3000/_bun/hmr' failed: Error in connection establishment: net::ERR_CONNECTION_REFUSED @ http://localhost:3000/_bun/client/index-000000005971f864.js:20
[  164223ms] [ERROR] WebSocket connection to 'ws://localhost:3000/_bun/hmr' failed: Error in connection establishment: net::ERR_CONNECTION_REFUSED @ http://localhost:3000/_bun/client/index-000000005971f864.js:20
[  168944ms] [ERROR] WebSocket connection to 'ws://localhost:3000/_bun/hmr' failed: Error in connection establishment: net::ERR_CONNECTION_REFUSED @ http://localhost:3000/_bun/client/index-000000005971f864.js:20
[  173043ms] [ERROR] WebSocket connection to 'ws://localhost:3000/_bun/hmr' failed: Error in connection establishment: net::ERR_CONNECTION_REFUSED @ http://localhost:3000/_bun/client/index-000000005971f864.js:20
[  179742ms] [ERROR] WebSocket connection to 'ws://localhost:3000/_bun/hmr' failed: Error in connection establishment: net::ERR_CONNECTION_REFUSED @ http://localhost:3000/_bun/client/index-000000005971f864.js:20
[  184809ms] [ERROR] WebSocket connection to 'ws://localhost:3000/_bun/hmr' failed: Error in connection establishment: net::ERR_CONNECTION_REFUSED @ http://localhost:3000/_bun/client/index-000000005971f864.js:20
[  191939ms] [ERROR] WebSocket connection to 'ws://localhost:3000/_bun/hmr' failed: Error in connection establishment: net::ERR_CONNECTION_REFUSED @ http://localhost:3000/_bun/client/index-000000005971f864.js:20
[  197959ms] [ERROR] WebSocket connection to 'ws://localhost:3000/_bun/hmr' failed: Error in connection establishment: net::ERR_CONNECTION_REFUSED @ http://localhost:3000/_bun/client/index-000000005971f864.js:20
[  204073ms] [ERROR] WebSocket connection to 'ws://localhost:3000/_bun/hmr' failed: Error in connection establishment: net::ERR_CONNECTION_REFUSED @ http://localhost:3000/_bun/client/index-000000005971f864.js:20
[  209873ms] [ERROR] WebSocket connection to 'ws://localhost:3000/_bun/hmr' failed: Error in connection establishment: net::ERR_CONNECTION_REFUSED @ http://localhost:3000/_bun/client/index-000000005971f864.js:20
[  216305ms] [ERROR] WebSocket connection to 'ws://localhost:3000/_bun/hmr' failed: Error in connection establishment: net::ERR_CONNECTION_REFUSED @ http://localhost:3000/_bun/client/index-000000005971f864.js:20
[  219989ms] [ERROR] WebSocket connection to 'ws://localhost:3000/_bun/hmr' failed: Error in connection establishment: net::ERR_CONNECTION_REFUSED @ http://localhost:3000/_bun/client/index-000000005971f864.js:20
[  225745ms] [ERROR] WebSocket connection to 'ws://localhost:3000/_bun/hmr' failed: Error in connection establishment: net::ERR_CONNECTION_REFUSED @ http://localhost:3000/_bun/client/index-000000005971f864.js:20
[  232614ms] [ERROR] WebSocket connection to 'ws://localhost:3000/_bun/hmr' failed: Error in connection establishment: net::ERR_CONNECTION_REFUSED @ http://localhost:3000/_bun/client/index-000000005971f864.js:20
[  236779ms] [ERROR] WebSocket connection to 'ws://localhost:3000/_bun/hmr' failed: Error in connection establishment: net::ERR_CONNECTION_REFUSED @ http://localhost:3000/_bun/client/index-000000005971f864.js:20
[  242475ms] [ERROR] WebSocket connection to 'ws://localhost:3000/_bun/hmr' failed: Error in connection establishment: net::ERR_CONNECTION_REFUSED @ http://localhost:3000/_bun/client/index-000000005971f864.js:20
[  248589ms] [ERROR] WebSocket connection to 'ws://localhost:3000/_bun/hmr' failed: Error in connection establishment: net::ERR_CONNECTION_REFUSED @ http://localhost:3000/_bun/client/index-000000005971f864.js:20
[  254274ms] [ERROR] WebSocket connection to 'ws://localhost:3000/_bun/hmr' failed: Error in connection establishment: net::ERR_CONNECTION_REFUSED @ http://localhost:3000/_bun/client/index-000000005971f864.js:20
[  260060ms] [ERROR] WebSocket connection to 'ws://localhost:3000/_bun/hmr' failed: Error in connection establishment: net::ERR_CONNECTION_REFUSED @ http://localhost:3000/_bun/client/index-000000005971f864.js:20
[  264206ms] [ERROR] WebSocket connection to 'ws://localhost:3000/_bun/hmr' failed: Error in connection establishment: net::ERR_CONNECTION_REFUSED @ http://localhost:3000/_bun/client/index-000000005971f864.js:20
[  269713ms] [ERROR] WebSocket connection to 'ws://localhost:3000/_bun/hmr' failed: Error in connection establishment: net::ERR_CONNECTION_REFUSED @ http://localhost:3000/_bun/client/index-000000005971f864.js:20
[  275256ms] [ERROR] WebSocket connection to 'ws://localhost:3000/_bun/hmr' failed: Error in connection establishment: net::ERR_CONNECTION_REFUSED @ http://localhost:3000/_bun/client/index-000000005971f864.js:20
[  280291ms] [ERROR] WebSocket connection to 'ws://localhost:3000/_bun/hmr' failed: Error in connection establishment: net::ERR_CONNECTION_REFUSED @ http://localhost:3000/_bun/client/index-000000005971f864.js:20
[  286875ms] [ERROR] WebSocket connection to 'ws://localhost:3000/_bun/hmr' failed: Error in connection establishment: net::ERR_CONNECTION_REFUSED @ http://localhost:3000/_bun/client/index-000000005971f864.js:20
[  291173ms] [ERROR] WebSocket connection to 'ws://localhost:3000/_bun/hmr' failed: Error in connection establishment: net::ERR_CONNECTION_REFUSED @ http://localhost:3000/_bun/client/index-000000005971f864.js:20
[  298144ms] [ERROR] WebSocket connection to 'ws://localhost:3000/_bun/hmr' failed: Error in connection establishment: net::ERR_CONNECTION_REFUSED @ http://localhost:3000/_bun/client/index-000000005971f864.js:20
[  303188ms] [ERROR] WebSocket connection to 'ws://localhost:3000/_bun/hmr' failed: Error in connection establishment: net::ERR_CONNECTION_REFUSED @ http://localhost:3000/_bun/client/index-000000005971f864.js:20
[  306871ms] [ERROR] WebSocket connection to 'ws://localhost:3000/_bun/hmr' failed: Error in connection establishment: net::ERR_CONNECTION_REFUSED @ http://localhost:3000/_bun/client/index-000000005971f864.js:20
[  314246ms] [ERROR] WebSocket connection to 'ws://localhost:3000/_bun/hmr' failed: Error in connection establishment: net::ERR_CONNECTION_REFUSED @ http://localhost:3000/_bun/client/index-000000005971f864.js:20
[  319540ms] [ERROR] WebSocket connection to 'ws://localhost:3000/_bun/hmr' failed: Error in connection establishment: net::ERR_CONNECTION_REFUSED @ http://localhost:3000/_bun/client/index-000000005971f864.js:20
[  325205ms] [ERROR] WebSocket connection to 'ws://localhost:3000/_bun/hmr' failed: Error in connection establishment: net::ERR_CONNECTION_REFUSED @ http://localhost:3000/_bun/client/index-000000005971f864.js:20
[  332109ms] [ERROR] WebSocket connection to 'ws://localhost:3000/_bun/hmr' failed: Error in connection establishment: net::ERR_CONNECTION_REFUSED @ http://localhost:3000/_bun/client/index-000000005971f864.js:20
[  335638ms] [ERROR] WebSocket connection to 'ws://localhost:3000/_bun/hmr' failed: Error in connection establishment: net::ERR_CONNECTION_REFUSED @ http://localhost:3000/_bun/client/index-000000005971f864.js:20
[  340558ms] [ERROR] WebSocket connection to 'ws://localhost:3000/_bun/hmr' failed: Error in connection establishment: net::ERR_CONNECTION_REFUSED @ http://localhost:3000/_bun/client/index-000000005971f864.js:20
[  345028ms] [ERROR] WebSocket connection to 'ws://localhost:3000/_bun/hmr' failed: Error in connection establishment: net::ERR_CONNECTION_REFUSED @ http://localhost:3000/_bun/client/index-000000005971f864.js:20
[  349277ms] [ERROR] WebSocket connection to 'ws://localhost:3000/_bun/hmr' failed: Error in connection establishment: net::ERR_CONNECTION_REFUSED @ http://localhost:3000/_bun/client/index-000000005971f864.js:20
[  353210ms] [ERROR] WebSocket connection to 'ws://localhost:3000/_bun/hmr' failed: Error in connection establishment: net::ERR_CONNECTION_REFUSED @ http://localhost:3000/_bun/client/index-000000005971f864.js:20
[  357955ms] [ERROR] WebSocket connection to 'ws://localhost:3000/_bun/hmr' failed: Error in connection establishment: net::ERR_CONNECTION_REFUSED @ http://localhost:3000/_bun/client/index-000000005971f864.js:20
[  364474ms] [ERROR] WebSocket connection to 'ws://localhost:3000/_bun/hmr' failed: Error in connection establishment: net::ERR_CONNECTION_REFUSED @ http://localhost:3000/_bun/client/index-000000005971f864.js:20
[  366975ms] [ERROR] WebSocket connection to 'ws://localhost:3000/_bun/hmr' failed: Error in connection establishment: net::ERR_CONNECTION_REFUSED @ http://localhost:3000/_bun/client/index-000000005971f864.js:20
[  369476ms] [ERROR] WebSocket connection to 'ws://localhost:3000/_bun/hmr' failed: Error in connection establishment: net::ERR_CONNECTION_REFUSED @ http://localhost:3000/_bun/client/index-000000005971f864.js:20
[  371977ms] [ERROR] WebSocket connection to 'ws://localhost:3000/_bun/hmr' failed: Error in connection establishment: net::ERR_CONNECTION_REFUSED @ http://localhost:3000/_bun/client/index-000000005971f864.js:20
[  374479ms] [ERROR] WebSocket connection to 'ws://localhost:3000/_bun/hmr' failed: Error in connection establishment: net::ERR_CONNECTION_REFUSED @ http://localhost:3000/_bun/client/index-000000005971f864.js:20
[  376992ms] [ERROR] WebSocket connection to 'ws://localhost:3000/_bun/hmr' failed: Error in connection establishment: net::ERR_CONNECTION_REFUSED @ http://localhost:3000/_bun/client/index-000000005971f864.js:20
[  379494ms] [ERROR] WebSocket connection to 'ws://localhost:3000/_bun/hmr' failed: Error in connection establishment: net::ERR_CONNECTION_REFUSED @ http://localhost:3000/_bun/client/index-000000005971f864.js:20
[  382004ms] [ERROR] WebSocket connection to 'ws://localhost:3000/_bun/hmr' failed: Error in connection establishment: net::ERR_CONNECTION_REFUSED @ http://localhost:3000/_bun/client/index-000000005971f864.js:20
[  384522ms] [ERROR] WebSocket connection to 'ws://localhost:3000/_bun/hmr' failed: Error in connection establishment: net::ERR_CONNECTION_REFUSED @ http://localhost:3000/_bun/client/index-000000005971f864.js:20
[  387037ms] [ERROR] WebSocket connection to 'ws://localhost:3000/_bun/hmr' failed: Error in connection establishment: net::ERR_CONNECTION_REFUSED @ http://localhost:3000/_bun/client/index-000000005971f864.js:20
[  389573ms] [ERROR] WebSocket connection to 'ws://localhost:3000/_bun/hmr' failed: Error in connection establishment: net::ERR_CONNECTION_REFUSED @ http://localhost:3000/_bun/client/index-000000005971f864.js:20
[  392221ms] [ERROR] WebSocket connection to 'ws://localhost:3000/_bun/hmr' failed: Error in connection establishment: net::ERR_CONNECTION_REFUSED @ http://localhost:3000/_bun/client/index-000000005971f864.js:20
[  394856ms] [ERROR] WebSocket connection to 'ws://localhost:3000/_bun/hmr' failed: Error in connection establishment: net::ERR_CONNECTION_REFUSED @ http://localhost:3000/_bun/client/index-000000005971f864.js:20
[  397605ms] [ERROR] WebSocket connection to 'ws://localhost:3000/_bun/hmr' failed: Error in connection establishment: net::ERR_CONNECTION_REFUSED @ http://localhost:3000/_bun/client/index-000000005971f864.js:20
[  401208ms] [ERROR] WebSocket connection to 'ws://localhost:3000/_bun/hmr' failed: Error in connection establishment: net::ERR_CONNECTION_REFUSED @ http://localhost:3000/_bun/client/index-000000005971f864.js:20
[  404339ms] [ERROR] WebSocket connection to 'ws://localhost:3000/_bun/hmr' failed: Error in connection establishment: net::ERR_CONNECTION_REFUSED @ http://localhost:3000/_bun/client/index-000000005971f864.js:20
[  410879ms] [ERROR] WebSocket connection to 'ws://localhost:3000/_bun/hmr' failed: Error in connection establishment: net::ERR_CONNECTION_REFUSED @ http://localhost:3000/_bun/client/index-000000005971f864.js:20
[  416088ms] [ERROR] WebSocket connection to 'ws://localhost:3000/_bun/hmr' failed: Error in connection establishment: net::ERR_CONNECTION_REFUSED @ http://localhost:3000/_bun/client/index-000000005971f864.js:20
[  422687ms] [ERROR] WebSocket connection to 'ws://localhost:3000/_bun/hmr' failed: Error in connection establishment: net::ERR_CONNECTION_REFUSED @ http://localhost:3000/_bun/client/index-000000005971f864.js:20
[  428676ms] [ERROR] WebSocket connection to 'ws://localhost:3000/_bun/hmr' failed: Error in connection establishment: net::ERR_CONNECTION_REFUSED @ http://localhost:3000/_bun/client/index-000000005971f864.js:20
[  433121ms] [ERROR] WebSocket connection to 'ws://localhost:3000/_bun/hmr' failed: Error in connection establishment: net::ERR_CONNECTION_REFUSED @ http://localhost:3000/_bun/client/index-000000005971f864.js:20
[  439337ms] [ERROR] WebSocket connection to 'ws://localhost:3000/_bun/hmr' failed: Error in connection establishment: net::ERR_CONNECTION_REFUSED @ http://localhost:3000/_bun/client/index-000000005971f864.js:20
[  445021ms] [ERROR] WebSocket connection to 'ws://localhost:3000/_bun/hmr' failed: Error in connection establishment: net::ERR_CONNECTION_REFUSED @ http://localhost:3000/_bun/client/index-000000005971f864.js:20
[  450920ms] [ERROR] WebSocket connection to 'ws://localhost:3000/_bun/hmr' failed: Error in connection establishment: net::ERR_CONNECTION_REFUSED @ http://localhost:3000/_bun/client/index-000000005971f864.js:20
[  455904ms] [ERROR] WebSocket connection to 'ws://localhost:3000/_bun/hmr' failed: Error in connection establishment: net::ERR_CONNECTION_REFUSED @ http://localhost:3000/_bun/client/index-000000005971f864.js:20
[  460921ms] [ERROR] WebSocket connection to 'ws://localhost:3000/_bun/hmr' failed: Error in connection establishment: net::ERR_CONNECTION_REFUSED @ http://localhost:3000/_bun/client/index-000000005971f864.js:20
[  466411ms] [ERROR] WebSocket connection to 'ws://localhost:3000/_bun/hmr' failed: Error in connection establishment: net::ERR_CONNECTION_REFUSED @ http://localhost:3000/_bun/client/index-000000005971f864.js:20
[  473805ms] [ERROR] WebSocket connection to 'ws://localhost:3000/_bun/hmr' failed: Error in connection establishment: net::ERR_CONNECTION_REFUSED @ http://localhost:3000/_bun/client/index-000000005971f864.js:20
[  481278ms] [ERROR] WebSocket connection to 'ws://localhost:3000/_bun/hmr' failed: Error in connection establishment: net::ERR_CONNECTION_REFUSED @ http://localhost:3000/_bun/client/index-000000005971f864.js:20
[  488197ms] [ERROR] WebSocket connection to 'ws://localhost:3000/_bun/hmr' failed: Error in connection establishment: net::ERR_CONNECTION_REFUSED @ http://localhost:3000/_bun/client/index-000000005971f864.js:20
[  493775ms] [ERROR] WebSocket connection to 'ws://localhost:3000/_bun/hmr' failed: Error in connection establishment: net::ERR_CONNECTION_REFUSED @ http://localhost:3000/_bun/client/index-000000005971f864.js:20
[  500739ms] [ERROR] WebSocket connection to 'ws://localhost:3000/_bun/hmr' failed: Error in connection establishment: net::ERR_CONNECTION_REFUSED @ http://localhost:3000/_bun/client/index-000000005971f864.js:20
[  506594ms] [ERROR] WebSocket connection to 'ws://localhost:3000/_bun/hmr' failed: Error in connection establishment: net::ERR_CONNECTION_REFUSED @ http://localhost:3000/_bun/client/index-000000005971f864.js:20
[  510297ms] [ERROR] WebSocket connection to 'ws://localhost:3000/_bun/hmr' failed: Error in connection establishment: net::ERR_CONNECTION_REFUSED @ http://localhost:3000/_bun/client/index-000000005971f864.js:20
[  516975ms] [ERROR] WebSocket connection to 'ws://localhost:3000/_bun/hmr' failed: Error in connection establishment: net::ERR_CONNECTION_REFUSED @ http://localhost:3000/_bun/client/index-000000005971f864.js:20
[  522821ms] [ERROR] WebSocket connection to 'ws://localhost:3000/_bun/hmr' failed: Error in connection establishment: net::ERR_CONNECTION_REFUSED @ http://localhost:3000/_bun/client/index-000000005971f864.js:20
[  529612ms] [ERROR] WebSocket connection to 'ws://localhost:3000/_bun/hmr' failed: Error in connection establishment: net::ERR_CONNECTION_REFUSED @ http://localhost:3000/_bun/client/index-000000005971f864.js:20
[  535805ms] [ERROR] WebSocket connection to 'ws://localhost:3000/_bun/hmr' failed: Error in connection establishment: net::ERR_CONNECTION_REFUSED @ http://localhost:3000/_bun/client/index-000000005971f864.js:20
[  540242ms] [ERROR] WebSocket connection to 'ws://localhost:3000/_bun/hmr' failed: Error in connection establishment: net::ERR_CONNECTION_REFUSED @ http://localhost:3000/_bun/client/index-000000005971f864.js:20
[  547173ms] [ERROR] WebSocket connection to 'ws://localhost:3000/_bun/hmr' failed: Error in connection establishment: net::ERR_CONNECTION_REFUSED @ http://localhost:3000/_bun/client/index-000000005971f864.js:20
[  551911ms] [ERROR] WebSocket connection to 'ws://localhost:3000/_bun/hmr' failed: Error in connection establishment: net::ERR_CONNECTION_REFUSED @ http://localhost:3000/_bun/client/index-000000005971f864.js:20
[  556943ms] [ERROR] WebSocket connection to 'ws://localhost:3000/_bun/hmr' failed: Error in connection establishment: net::ERR_CONNECTION_REFUSED @ http://localhost:3000/_bun/client/index-000000005971f864.js:20
[  562403ms] [ERROR] WebSocket connection to 'ws://localhost:3000/_bun/hmr' failed: Error in connection establishment: net::ERR_CONNECTION_REFUSED @ http://localhost:3000/_bun/client/index-000000005971f864.js:20
[  569405ms] [ERROR] WebSocket connection to 'ws://localhost:3000/_bun/hmr' failed: Error in connection establishment: net::ERR_CONNECTION_REFUSED @ http://localhost:3000/_bun/client/index-000000005971f864.js:20
[  573287ms] [ERROR] WebSocket connection to 'ws://localhost:3000/_bun/hmr' failed: Error in connection establishment: net::ERR_CONNECTION_REFUSED @ http://localhost:3000/_bun/client/index-000000005971f864.js:20
[  580536ms] [ERROR] WebSocket connection to 'ws://localhost:3000/_bun/hmr' failed: Error in connection establishment: net::ERR_CONNECTION_REFUSED @ http://localhost:3000/_bun/client/index-000000005971f864.js:20
[  586735ms] [ERROR] WebSocket connection to 'ws://localhost:3000/_bun/hmr' failed: Error in connection establishment: net::ERR_CONNECTION_REFUSED @ http://localhost:3000/_bun/client/index-000000005971f864.js:20
[  590919ms] [ERROR] WebSocket connection to 'ws://localhost:3000/_bun/hmr' failed: Error in connection establishment: net::ERR_CONNECTION_REFUSED @ http://localhost:3000/_bun/client/index-000000005971f864.js:20
[  594887ms] [ERROR] WebSocket connection to 'ws://localhost:3000/_bun/hmr' failed: Error in connection establishment: net::ERR_CONNECTION_REFUSED @ http://localhost:3000/_bun/client/index-000000005971f864.js:20
[  601621ms] [ERROR] WebSocket connection to 'ws://localhost:3000/_bun/hmr' failed: Error in connection establishment: net::ERR_CONNECTION_REFUSED @ http://localhost:3000/_bun/client/index-000000005971f864.js:20
[  605239ms] [ERROR] WebSocket connection to 'ws://localhost:3000/_bun/hmr' failed: Error in connection establishment: net::ERR_CONNECTION_REFUSED @ http://localhost:3000/_bun/client/index-000000005971f864.js:20
[  607741ms] [ERROR] WebSocket connection to 'ws://localhost:3000/_bun/hmr' failed: Error in connection establishment: net::ERR_CONNECTION_REFUSED @ http://localhost:3000/_bun/client/index-000000005971f864.js:20
[  610242ms] [ERROR] WebSocket connection to 'ws://localhost:3000/_bun/hmr' failed: Error in connection establishment: net::ERR_CONNECTION_REFUSED @ http://localhost:3000/_bun/client/index-000000005971f864.js:20
[  612743ms] [ERROR] WebSocket connection to 'ws://localhost:3000/_bun/hmr' failed: Error in connection establishment: net::ERR_CONNECTION_REFUSED @ http://localhost:3000/_bun/client/index-000000005971f864.js:20
[  615244ms] [ERROR] WebSocket connection to 'ws://localhost:3000/_bun/hmr' failed: Error in connection establishment: net::ERR_CONNECTION_REFUSED @ http://localhost:3000/_bun/client/index-000000005971f864.js:20
[  617754ms] [ERROR] WebSocket connection to 'ws://localhost:3000/_bun/hmr' failed: Error in connection establishment: net::ERR_CONNECTION_REFUSED @ http://localhost:3000/_bun/client/index-000000005971f864.js:20
[  620258ms] [ERROR] WebSocket connection to 'ws://localhost:3000/_bun/hmr' failed: Error in connection establishment: net::ERR_CONNECTION_REFUSED @ http://localhost:3000/_bun/client/index-000000005971f864.js:20
[  622769ms] [ERROR] WebSocket connection to 'ws://localhost:3000/_bun/hmr' failed: Error in connection establishment: net::ERR_CONNECTION_REFUSED @ http://localhost:3000/_bun/client/index-000000005971f864.js:20
[  625293ms] [ERROR] WebSocket connection to 'ws://localhost:3000/_bun/hmr' failed: Error in connection establishment: net::ERR_CONNECTION_REFUSED @ http://localhost:3000/_bun/client/index-000000005971f864.js:20
[  627836ms] [ERROR] WebSocket connection to 'ws://localhost:3000/_bun/hmr' failed: Error in connection establishment: net::ERR_CONNECTION_REFUSED @ http://localhost:3000/_bun/client/index-000000005971f864.js:20
[  630375ms] [ERROR] WebSocket connection to 'ws://localhost:3000/_bun/hmr' failed: Error in connection establishment: net::ERR_CONNECTION_REFUSED @ http://localhost:3000/_bun/client/index-000000005971f864.js:20
[  632956ms] [ERROR] WebSocket connection to 'ws://localhost:3000/_bun/hmr' failed: Error in connection establishment: net::ERR_CONNECTION_REFUSED @ http://localhost:3000/_bun/client/index-000000005971f864.js:20
[  635637ms] [ERROR] WebSocket connection to 'ws://localhost:3000/_bun/hmr' failed: Error in connection establishment: net::ERR_CONNECTION_REFUSED @ http://localhost:3000/_bun/client/index-000000005971f864.js:20
[  638687ms] [ERROR] WebSocket connection to 'ws://localhost:3000/_bun/hmr' failed: Error in connection establishment: net::ERR_CONNECTION_REFUSED @ http://localhost:3000/_bun/client/index-000000005971f864.js:20
[  641989ms] [ERROR] WebSocket connection to 'ws://localhost:3000/_bun/hmr' failed: Error in connection establishment: net::ERR_CONNECTION_REFUSED @ http://localhost:3000/_bun/client/index-000000005971f864.js:20
[  646108ms] [ERROR] WebSocket connection to 'ws://localhost:3000/_bun/hmr' failed: Error in connection establishment: net::ERR_CONNECTION_REFUSED @ http://localhost:3000/_bun/client/index-000000005971f864.js:20
[  652952ms] [ERROR] WebSocket connection to 'ws://localhost:3000/_bun/hmr' failed: Error in connection establishment: net::ERR_CONNECTION_REFUSED @ http://localhost:3000/_bun/client/index-000000005971f864.js:20
[  657969ms] [ERROR] WebSocket connection to 'ws://localhost:3000/_bun/hmr' failed: Error in connection establishment: net::ERR_CONNECTION_REFUSED @ http://localhost:3000/_bun/client/index-000000005971f864.js:20
[  663789ms] [ERROR] WebSocket connection to 'ws://localhost:3000/_bun/hmr' failed: Error in connection establishment: net::ERR_CONNECTION_REFUSED @ http://localhost:3000/_bun/client/index-000000005971f864.js:20
[  667591ms] [ERROR] WebSocket connection to 'ws://localhost:3000/_bun/hmr' failed: Error in connection establishment: net::ERR_CONNECTION_REFUSED @ http://localhost:3000/_bun/client/index-000000005971f864.js:20
[  673319ms] [ERROR] WebSocket connection to 'ws://localhost:3000/_bun/hmr' failed: Error in connection establishment: net::ERR_CONNECTION_REFUSED @ http://localhost:3000/_bun/client/index-000000005971f864.js:20
[  678406ms] [ERROR] WebSocket connection to 'ws://localhost:3000/_bun/hmr' failed: Error in connection establishment: net::ERR_CONNECTION_REFUSED @ http://localhost:3000/_bun/client/index-000000005971f864.js:20
[  685721ms] [ERROR] WebSocket connection to 'ws://localhost:3000/_bun/hmr' failed: Error in connection establishment: net::ERR_CONNECTION_REFUSED @ http://localhost:3000/_bun/client/index-000000005971f864.js:20
[  689452ms] [ERROR] WebSocket connection to 'ws://localhost:3000/_bun/hmr' failed: Error in connection establishment: net::ERR_CONNECTION_REFUSED @ http://localhost:3000/_bun/client/index-000000005971f864.js:20
[  693093ms] [ERROR] WebSocket connection to 'ws://localhost:3000/_bun/hmr' failed: Error in connection establishment: net::ERR_CONNECTION_REFUSED @ http://localhost:3000/_bun/client/index-000000005971f864.js:20
[  698206ms] [ERROR] WebSocket connection to 'ws://localhost:3000/_bun/hmr' failed: Error in connection establishment: net::ERR_CONNECTION_REFUSED @ http://localhost:3000/_bun/client/index-000000005971f864.js:20
[  701951ms] [ERROR] WebSocket connection to 'ws://localhost:3000/_bun/hmr' failed: Error in connection establishment: net::ERR_CONNECTION_REFUSED @ http://localhost:3000/_bun/client/index-000000005971f864.js:20
[  707368ms] [ERROR] WebSocket connection to 'ws://localhost:3000/_bun/hmr' failed: Error in connection establishment: net::ERR_CONNECTION_REFUSED @ http://localhost:3000/_bun/client/index-000000005971f864.js:20
[  714520ms] [ERROR] WebSocket connection to 'ws://localhost:3000/_bun/hmr' failed: Error in connection establishment: net::ERR_CONNECTION_REFUSED @ http://localhost:3000/_bun/client/index-000000005971f864.js:20
[  720275ms] [ERROR] WebSocket connection to 'ws://localhost:3000/_bun/hmr' failed: Error in connection establishment: net::ERR_CONNECTION_REFUSED @ http://localhost:3000/_bun/client/index-000000005971f864.js:20
[  724122ms] [ERROR] WebSocket connection to 'ws://localhost:3000/_bun/hmr' failed: Error in connection establishment: net::ERR_CONNECTION_REFUSED @ http://localhost:3000/_bun/client/index-000000005971f864.js:20
[  731485ms] [ERROR] WebSocket connection to 'ws://localhost:3000/_bun/hmr' failed: Error in connection establishment: net::ERR_CONNECTION_REFUSED @ http://localhost:3000/_bun/client/index-000000005971f864.js:20
[  735470ms] [ERROR] WebSocket connection to 'ws://localhost:3000/_bun/hmr' failed: Error in connection establishment: net::ERR_CONNECTION_REFUSED @ http://localhost:3000/_bun/client/index-000000005971f864.js:20
[  741935ms] [ERROR] WebSocket connection to 'ws://localhost:3000/_bun/hmr' failed: Error in connection establishment: net::ERR_CONNECTION_REFUSED @ http://localhost:3000/_bun/client/index-000000005971f864.js:20
[  747785ms] [ERROR] WebSocket connection to 'ws://localhost:3000/_bun/hmr' failed: Error in connection establishment: net::ERR_CONNECTION_REFUSED @ http://localhost:3000/_bun/client/index-000000005971f864.js:20
[  753820ms] [ERROR] WebSocket connection to 'ws://localhost:3000/_bun/hmr' failed: Error in connection establishment: net::ERR_CONNECTION_REFUSED @ http://localhost:3000/_bun/client/index-000000005971f864.js:20
[  759136ms] [ERROR] WebSocket connection to 'ws://localhost:3000/_bun/hmr' failed: Error in connection establishment: net::ERR_CONNECTION_REFUSED @ http://localhost:3000/_bun/client/index-000000005971f864.js:20
[  766071ms] [ERROR] WebSocket connection to 'ws://localhost:3000/_bun/hmr' failed: Error in connection establishment: net::ERR_CONNECTION_REFUSED @ http://localhost:3000/_bun/client/index-000000005971f864.js:20
[  769695ms] [ERROR] WebSocket connection to 'ws://localhost:3000/_bun/hmr' failed: Error in connection establishment: net::ERR_CONNECTION_REFUSED @ http://localhost:3000/_bun/client/index-000000005971f864.js:20
[  775755ms] [ERROR] WebSocket connection to 'ws://localhost:3000/_bun/hmr' failed: Error in connection establishment: net::ERR_CONNECTION_REFUSED @ http://localhost:3000/_bun/client/index-000000005971f864.js:20
[  782585ms] [ERROR] WebSocket connection to 'ws://localhost:3000/_bun/hmr' failed: Error in connection establishment: net::ERR_CONNECTION_REFUSED @ http://localhost:3000/_bun/client/index-000000005971f864.js:20
[  789805ms] [ERROR] WebSocket connection to 'ws://localhost:3000/_bun/hmr' failed: Error in connection establishment: net::ERR_CONNECTION_REFUSED @ http://localhost:3000/_bun/client/index-000000005971f864.js:20
[  796402ms] [ERROR] WebSocket connection to 'ws://localhost:3000/_bun/hmr' failed: Error in connection establishment: net::ERR_CONNECTION_REFUSED @ http://localhost:3000/_bun/client/index-000000005971f864.js:20
[  802238ms] [ERROR] WebSocket connection to 'ws://localhost:3000/_bun/hmr' failed: Error in connection establishment: net::ERR_CONNECTION_REFUSED @ http://localhost:3000/_bun/client/index-000000005971f864.js:20
[  806285ms] [ERROR] WebSocket connection to 'ws://localhost:3000/_bun/hmr' failed: Error in connection establishment: net::ERR_CONNECTION_REFUSED @ http://localhost:3000/_bun/client/index-000000005971f864.js:20
[  813419ms] [ERROR] WebSocket connection to 'ws://localhost:3000/_bun/hmr' failed: Error in connection establishment: net::ERR_CONNECTION_REFUSED @ http://localhost:3000/_bun/client/index-000000005971f864.js:20
[  817293ms] [ERROR] WebSocket connection to 'ws://localhost:3000/_bun/hmr' failed: Error in connection establishment: net::ERR_CONNECTION_REFUSED @ http://localhost:3000/_bun/client/index-000000005971f864.js:20
[  823541ms] [ERROR] WebSocket connection to 'ws://localhost:3000/_bun/hmr' failed: Error in connection establishment: net::ERR_CONNECTION_REFUSED @ http://localhost:3000/_bun/client/index-000000005971f864.js:20
[  829652ms] [ERROR] WebSocket connection to 'ws://localhost:3000/_bun/hmr' failed: Error in connection establishment: net::ERR_CONNECTION_REFUSED @ http://localhost:3000/_bun/client/index-000000005971f864.js:20
[  835820ms] [ERROR] WebSocket connection to 'ws://localhost:3000/_bun/hmr' failed: Error in connection establishment: net::ERR_CONNECTION_REFUSED @ http://localhost:3000/_bun/client/index-000000005971f864.js:20
[  841185ms] [ERROR] WebSocket connection to 'ws://localhost:3000/_bun/hmr' failed: Error in connection establishment: net::ERR_CONNECTION_REFUSED @ http://localhost:3000/_bun/client/index-000000005971f864.js:20
[  847886ms] [ERROR] WebSocket connection to 'ws://localhost:3000/_bun/hmr' failed: Error in connection establishment: net::ERR_CONNECTION_REFUSED @ http://localhost:3000/_bun/client/index-000000005971f864.js:20
[  854701ms] [ERROR] WebSocket connection to 'ws://localhost:3000/_bun/hmr' failed: Error in connection establishment: net::ERR_CONNECTION_REFUSED @ http://localhost:3000/_bun/client/index-000000005971f864.js:20
[  858689ms] [ERROR] WebSocket connection to 'ws://localhost:3000/_bun/hmr' failed: Error in connection establishment: net::ERR_CONNECTION_REFUSED @ http://localhost:3000/_bun/client/index-000000005971f864.js:20
[  865768ms] [ERROR] WebSocket connection to 'ws://localhost:3000/_bun/hmr' failed: Error in connection establishment: net::ERR_CONNECTION_REFUSED @ http://localhost:3000/_bun/client/index-000000005971f864.js:20
[  869467ms] [ERROR] WebSocket connection to 'ws://localhost:3000/_bun/hmr' failed: Error in connection establishment: net::ERR_CONNECTION_REFUSED @ http://localhost:3000/_bun/client/index-000000005971f864.js:20
[  874036ms] [INFO] [Bun] Reconnected @ http://localhost:3000/_bun/client/index-000000005971f864.js:20
[  874506ms] [INFO] [Bun] Hot-module-reloading socket connected, waiting for changes... @ http://localhost:3000/_bun/client/index-00000000975568bc.js:20
[ 1230469ms] [WARNING] [Bun] Hot-module-reloading socket disconnected, reconnecting... @ http://localhost:3000/_bun/client/index-00000000975568bc.js:20
[ 1231472ms] [ERROR] WebSocket connection to 'ws://localhost:3000/_bun/hmr' failed: Error in connection establishment: net::ERR_CONNECTION_REFUSED @ http://localhost:3000/_bun/client/index-00000000975568bc.js:20
[ 1233973ms] [ERROR] WebSocket connection to 'ws://localhost:3000/_bun/hmr' failed: Error in connection establishment: net::ERR_CONNECTION_REFUSED @ http://localhost:3000/_bun/client/index-00000000975568bc.js:20
[ 1236475ms] [ERROR] WebSocket connection to 'ws://localhost:3000/_bun/hmr' failed: Error in connection establishment: net::ERR_CONNECTION_REFUSED @ http://localhost:3000/_bun/client/index-00000000975568bc.js:20
[ 1238977ms] [ERROR] WebSocket connection to 'ws://localhost:3000/_bun/hmr' failed: Error in connection establishment: net::ERR_CONNECTION_REFUSED @ http://localhost:3000/_bun/client/index-00000000975568bc.js:20
[ 1241481ms] [ERROR] WebSocket connection to 'ws://localhost:3000/_bun/hmr' failed: Error in connection establishment: net::ERR_CONNECTION_REFUSED @ http://localhost:3000/_bun/client/index-00000000975568bc.js:20
[ 1243987ms] [ERROR] WebSocket connection to 'ws://localhost:3000/_bun/hmr' failed: Error in connection establishment: net::ERR_CONNECTION_REFUSED @ http://localhost:3000/_bun/client/index-00000000975568bc.js:20
[ 1246495ms] [ERROR] WebSocket connection to 'ws://localhost:3000/_bun/hmr' failed: Error in connection establishment: net::ERR_CONNECTION_REFUSED @ http://localhost:3000/_bun/client/index-00000000975568bc.js:20
[ 1249004ms] [ERROR] WebSocket connection to 'ws://localhost:3000/_bun/hmr' failed: Error in connection establishment: net::ERR_CONNECTION_REFUSED @ http://localhost:3000/_bun/client/index-00000000975568bc.js:20
[ 1251536ms] [ERROR] WebSocket connection to 'ws://localhost:3000/_bun/hmr' failed: Error in connection establishment: net::ERR_CONNECTION_REFUSED @ http://localhost:3000/_bun/client/index-00000000975568bc.js:20
[ 1254087ms] [ERROR] WebSocket connection to 'ws://localhost:3000/_bun/hmr' failed: Error in connection establishment: net::ERR_CONNECTION_REFUSED @ http://localhost:3000/_bun/client/index-00000000975568bc.js:20
[ 1256738ms] [ERROR] WebSocket connection to 'ws://localhost:3000/_bun/hmr' failed: Error in connection establishment: net::ERR_CONNECTION_REFUSED @ http://localhost:3000/_bun/client/index-00000000975568bc.js:20
[ 1259506ms] [ERROR] WebSocket connection to 'ws://localhost:3000/_bun/hmr' failed: Error in connection establishment: net::ERR_CONNECTION_REFUSED @ http://localhost:3000/_bun/client/index-00000000975568bc.js:20
[ 1262144ms] [ERROR] WebSocket connection to 'ws://localhost:3000/_bun/hmr' failed: Error in connection establishment: net::ERR_CONNECTION_REFUSED @ http://localhost:3000/_bun/client/index-00000000975568bc.js:20
[ 1265402ms] [ERROR] WebSocket connection to 'ws://localhost:3000/_bun/hmr' failed: Error in connection establishment: net::ERR_CONNECTION_REFUSED @ http://localhost:3000/_bun/client/index-00000000975568bc.js:20
[ 1269711ms] [ERROR] WebSocket connection to 'ws://localhost:3000/_bun/hmr' failed: Error in connection establishment: net::ERR_CONNECTION_REFUSED @ http://localhost:3000/_bun/client/index-00000000975568bc.js:20
[ 1275485ms] [ERROR] WebSocket connection to 'ws://localhost:3000/_bun/hmr' failed: Error in connection establishment: net::ERR_CONNECTION_REFUSED @ http://localhost:3000/_bun/client/index-00000000975568bc.js:20
[ 1282794ms] [INFO] [Bun] Reconnected @ http://localhost:3000/_bun/client/index-00000000975568bc.js:20
[ 1282855ms] [INFO] [Bun] Hot-module-reloading socket connected, waiting for changes... @ http://localhost:3000/_bun/client/index-0000000080501bc1.js:20
[ 1596013ms] [INFO] [Bun] Hot-module-reloading socket connected, waiting for changes... @ http://localhost:3000/_bun/client/index-0000000080501bc1.js:20
[ 1607209ms] [ERROR] Failed to load resource: the server responded with a status of 404 (Not Found) @ http://localhost:3000/demos/l:0
[ 1618372ms] [ERROR] Failed to load resource: the server responded with a status of 404 (Not Found) @ http://localhost:3000/demos/:0
[ 1626338ms] [ERROR] Failed to load resource: the server responded with a status of 404 (Not Found) @ http://localhost:3000/:0
[ 1638659ms] [ERROR] Failed to load resource: the server responded with a status of 404 (Not Found) @ http://localhost:3000/demos/letter-shaderindex.html:0
[ 1648249ms] [ERROR] Failed to load resource: the server responded with a status of 404 (Not Found) @ http://localhost:3000/pages/demos/letter-shaderindex.html:0
